// Jest Snapshot v1, https://goo.gl/fbAQLP

exports[`renders colored correctly 1`] = `
<RNSVGSvgView
  align="xMidYMid"
  bbHeight="24"
  bbWidth="24"
  fill="none"
  focusable={false}
  height={24}
  meetOrSlice={0}
  minX={0}
  minY={0}
  stroke="#000000"
  style={
    [
      {
        "backgroundColor": "transparent",
        "borderWidth": 0,
      },
      {
        "flex": 0,
        "height": 24,
        "width": 24,
      },
    ]
  }
  vbHeight={206}
  vbWidth={160}
  width={24}
>
  <RNSVGGroup
    fill={null}
    propList={
      [
        "fill",
        "stroke",
      ]
    }
    stroke={
      {
        "payload": 4278190080,
        "type": 0,
      }
    }
  >
    <RNSVGPath
      d="M0-7.5h241.8M0-7.5h241.8M0-7.5h241.8"
      fill={
        {
          "payload": 4278190080,
          "type": 0,
        }
      }
      matrix={
        [
          0.5969,
          -0.80231,
          0.72118,
          0.69274,
          11,
          205,
        ]
      }
      propList={
        [
          "stroke",
          "strokeWidth",
        ]
      }
      stroke={
        {
          "payload": 4278190080,
          "type": 0,
        }
      }
      strokeWidth="15"
    />
    <RNSVGPath
      d="M0-7.5h241.8M0-7.5h241.8M0-7.5h241.8"
      fill={
        {
          "payload": 4278190080,
          "type": 0,
        }
      }
      matrix={
        [
          0.59663,
          0.80251,
          -0.87096,
          0.49135,
          2,
          11,
        ]
      }
      propList={
        [
          "stroke",
          "strokeWidth",
        ]
      }
      stroke={
        {
          "payload": 4278190080,
          "type": 0,
        }
      }
      strokeWidth="15"
    />
  </RNSVGGroup>
</RNSVGSvgView>
`;

exports[`renders default correctly 1`] = `
<RNSVGSvgView
  align="xMidYMid"
  bbHeight="24"
  bbWidth="24"
  fill="none"
  focusable={false}
  height={24}
  meetOrSlice={0}
  minX={0}
  minY={0}
  stroke="#000000"
  style={
    [
      {
        "backgroundColor": "transparent",
        "borderWidth": 0,
      },
      {
        "flex": 0,
        "height": 24,
        "width": 24,
      },
    ]
  }
  vbHeight={206}
  vbWidth={160}
  width={24}
>
  <RNSVGGroup
    fill={null}
    propList={
      [
        "fill",
        "stroke",
      ]
    }
    stroke={
      {
        "payload": 4278190080,
        "type": 0,
      }
    }
  >
    <RNSVGPath
      d="M0-7.5h241.8M0-7.5h241.8M0-7.5h241.8"
      fill={
        {
          "payload": 4278190080,
          "type": 0,
        }
      }
      matrix={
        [
          0.5969,
          -0.80231,
          0.72118,
          0.69274,
          11,
          205,
        ]
      }
      propList={
        [
          "stroke",
          "strokeWidth",
        ]
      }
      stroke={
        {
          "payload": 4278190080,
          "type": 0,
        }
      }
      strokeWidth="15"
    />
    <RNSVGPath
      d="M0-7.5h241.8M0-7.5h241.8M0-7.5h241.8"
      fill={
        {
          "payload": 4278190080,
          "type": 0,
        }
      }
      matrix={
        [
          0.59663,
          0.80251,
          -0.87096,
          0.49135,
          2,
          11,
        ]
      }
      propList={
        [
          "stroke",
          "strokeWidth",
        ]
      }
      stroke={
        {
          "payload": 4278190080,
          "type": 0,
        }
      }
      strokeWidth="15"
    />
  </RNSVGGroup>
</RNSVGSvgView>
`;

exports[`renders in dark mode correctly 1`] = `
<RNSVGSvgView
  align="xMidYMid"
  bbHeight="24"
  bbWidth="24"
  fill="none"
  focusable={false}
  height={24}
  meetOrSlice={0}
  minX={0}
  minY={0}
  stroke="#000000"
  style={
    [
      {
        "backgroundColor": "transparent",
        "borderWidth": 0,
      },
      {
        "flex": 0,
        "height": 24,
        "width": 24,
      },
    ]
  }
  vbHeight={206}
  vbWidth={160}
  width={24}
>
  <RNSVGGroup
    fill={null}
    propList={
      [
        "fill",
        "stroke",
      ]
    }
    stroke={
      {
        "payload": 4278190080,
        "type": 0,
      }
    }
  >
    <RNSVGPath
      d="M0-7.5h241.8M0-7.5h241.8M0-7.5h241.8"
      fill={
        {
          "payload": 4278190080,
          "type": 0,
        }
      }
      matrix={
        [
          0.5969,
          -0.80231,
          0.72118,
          0.69274,
          11,
          205,
        ]
      }
      propList={
        [
          "stroke",
          "strokeWidth",
        ]
      }
      stroke={
        {
          "payload": 4278190080,
          "type": 0,
        }
      }
      strokeWidth="15"
    />
    <RNSVGPath
      d="M0-7.5h241.8M0-7.5h241.8M0-7.5h241.8"
      fill={
        {
          "payload": 4278190080,
          "type": 0,
        }
      }
      matrix={
        [
          0.59663,
          0.80251,
          -0.87096,
          0.49135,
          2,
          11,
        ]
      }
      propList={
        [
          "stroke",
          "strokeWidth",
        ]
      }
      stroke={
        {
          "payload": 4278190080,
          "type": 0,
        }
      }
      strokeWidth="15"
    />
  </RNSVGGroup>
</RNSVGSvgView>
`;

exports[`renders uncolored correctly 1`] = `
<RNSVGSvgView
  align="xMidYMid"
  bbHeight="24"
  bbWidth="24"
  fill="none"
  focusable={false}
  height={24}
  meetOrSlice={0}
  minX={0}
  minY={0}
  stroke="#000000"
  style={
    [
      {
        "backgroundColor": "transparent",
        "borderWidth": 0,
      },
      {
        "flex": 0,
        "height": 24,
        "width": 24,
      },
    ]
  }
  vbHeight={206}
  vbWidth={160}
  width={24}
>
  <RNSVGGroup
    fill={null}
    propList={
      [
        "fill",
        "stroke",
      ]
    }
    stroke={
      {
        "payload": 4278190080,
        "type": 0,
      }
    }
  >
    <RNSVGPath
      d="M0-7.5h241.8M0-7.5h241.8M0-7.5h241.8"
      fill={
        {
          "payload": 4278190080,
          "type": 0,
        }
      }
      matrix={
        [
          0.5969,
          -0.80231,
          0.72118,
          0.69274,
          11,
          205,
        ]
      }
      propList={
        [
          "stroke",
          "strokeWidth",
        ]
      }
      stroke={
        {
          "payload": 4278190080,
          "type": 0,
        }
      }
      strokeWidth="15"
    />
    <RNSVGPath
      d="M0-7.5h241.8M0-7.5h241.8M0-7.5h241.8"
      fill={
        {
          "payload": 4278190080,
          "type": 0,
        }
      }
      matrix={
        [
          0.59663,
          0.80251,
          -0.87096,
          0.49135,
          2,
          11,
        ]
      }
      propList={
        [
          "stroke",
          "strokeWidth",
        ]
      }
      stroke={
        {
          "payload": 4278190080,
          "type": 0,
        }
      }
      strokeWidth="15"
    />
  </RNSVGGroup>
</RNSVGSvgView>
`;
